2025-05-09T17:20:09.244+0800 [31mERROR[0m service/service.go:92 new resource client error: context deadline exceeded rpcServer
2025-05-09T17:21:46.915+0800 [34mINFO[0m service/service.go:109 mysql dsn: root:!@#12345678.@tcp(mysql:3306)/hummingbird?charset=utf8mb4&parseTime=True&loc=Local
2025-05-09T17:21:46.957+0800 [31mERROR[0m service/service.go:112 open db error: dial tcp: lookup mysql: no such host rpcServer
2025-05-09T17:21:47.240+0800 [34mINFO[0m server/server.go:326 Server starting ( [::]:33121 )
2025-05-09T17:21:47.240+0800 [34mINFO[0m server/server.go:327 Server start success.
2025-05-10T09:02:59.633+0800 [34mINFO[0m service/service.go:215 got stop signal, exit...
2025-05-10T09:02:59.638+0800 [34mINFO[0m server/server.go:320 Server shutting down
2025-05-10T09:02:59.643+0800 [34mINFO[0m server/server.go:323 Server shut down
2025-05-10T09:02:59.643+0800 [34mINFO[0m server/server.go:338 Server stopped
2025-05-10T12:32:21.414+0800 [34mINFO[0m service/service.go:109 mysql dsn: root:!@#12345678.@tcp(124.221.189.137:3306)/hummingbird?charset=utf8mb4&parseTime=True&loc=Local
2025-05-10T12:32:22.021+0800 [34mINFO[0m server/server.go:326 Server starting ( [::]:33121 )
2025-05-10T12:32:22.021+0800 [34mINFO[0m server/server.go:327 Server start success.
2025-05-10T12:32:36.083+0800 [34mINFO[0m service/service.go:215 got stop signal, exit...
2025-05-10T12:32:36.084+0800 [34mINFO[0m server/server.go:320 Server shutting down
2025-05-10T12:32:36.084+0800 [34mINFO[0m server/server.go:323 Server shut down
2025-05-10T12:32:36.084+0800 [34mINFO[0m server/server.go:338 Server stopped
2025-05-10T12:41:39.061+0800 [34mINFO[0m service/service.go:109 mysql dsn: root:!@#12345678.@tcp(124.221.189.137:3306)/hummingbird?charset=utf8mb4&parseTime=True&loc=Local
2025-05-10T12:41:39.764+0800 [34mINFO[0m server/server.go:326 Server starting ( [::]:33121 )
2025-05-10T12:41:39.764+0800 [34mINFO[0m server/server.go:327 Server start success.
2025-05-10T12:53:03.419+0800 [34mINFO[0m service/service.go:215 got stop signal, exit...
2025-05-10T12:53:03.420+0800 [34mINFO[0m server/server.go:320 Server shutting down
2025-05-10T12:53:03.422+0800 [34mINFO[0m server/server.go:323 Server shut down
2025-05-10T12:53:03.422+0800 [34mINFO[0m server/server.go:338 Server stopped
2025-05-10T12:53:05.637+0800 [34mINFO[0m service/service.go:109 mysql dsn: root:!@#12345678.@tcp(124.221.189.137:3306)/hummingbird?charset=utf8mb4&parseTime=True&loc=Local
2025-05-10T12:53:06.358+0800 [34mINFO[0m server/server.go:326 Server starting ( [::]:33121 )
2025-05-10T12:53:06.358+0800 [34mINFO[0m server/server.go:327 Server start success.
2025-05-10T12:57:50.433+0800 [34mINFO[0m service/service.go:215 got stop signal, exit...
2025-05-10T12:57:50.434+0800 [34mINFO[0m server/server.go:320 Server shutting down
2025-05-10T12:57:50.434+0800 [34mINFO[0m server/server.go:323 Server shut down
2025-05-10T12:57:50.434+0800 [34mINFO[0m server/server.go:338 Server stopped
2025-05-10T12:57:52.883+0800 [34mINFO[0m service/service.go:109 mysql dsn: root:!@#12345678.@tcp(124.221.189.137:3306)/hummingbird?charset=utf8mb4&parseTime=True&loc=Local
2025-05-10T12:57:53.594+0800 [34mINFO[0m server/server.go:326 Server starting ( [::]:33121 )
2025-05-10T12:57:53.594+0800 [34mINFO[0m server/server.go:327 Server start success.
2025-05-10T13:01:43.790+0800 [34mINFO[0m service/service.go:215 got stop signal, exit...
2025-05-10T13:01:43.792+0800 [34mINFO[0m server/server.go:320 Server shutting down
2025-05-10T13:01:43.793+0800 [34mINFO[0m server/server.go:323 Server shut down
2025-05-10T13:01:43.793+0800 [34mINFO[0m server/server.go:338 Server stopped
2025-05-10T13:01:45.944+0800 [34mINFO[0m service/service.go:109 mysql dsn: root:!@#12345678.@tcp(124.221.189.137:3306)/hummingbird?charset=utf8mb4&parseTime=True&loc=Local
2025-05-10T13:01:46.512+0800 [34mINFO[0m server/server.go:326 Server starting ( [::]:33121 )
2025-05-10T13:01:46.512+0800 [34mINFO[0m server/server.go:327 Server start success.
2025-05-10T13:01:49.539+0800 [31mERROR[0m devicemanage/work.go:153 read register 1 error: modbus: quantity '0' must be between '1' and '125',
2025-05-10T13:01:49.539+0800 [31mERROR[0m devicemanage/work.go:153 read register 2 error: modbus: quantity '0' must be between '1' and '125',
2025-05-10T13:01:52.512+0800 [31mERROR[0m devicemanage/work.go:153 read register 1 error: modbus: quantity '0' must be between '1' and '125',
2025-05-10T13:01:52.513+0800 [31mERROR[0m devicemanage/work.go:153 read register 2 error: modbus: quantity '0' must be between '1' and '125',
2025-05-10T13:01:55.512+0800 [31mERROR[0m devicemanage/work.go:153 read register 1 error: modbus: quantity '0' must be between '1' and '125',
2025-05-10T13:01:55.512+0800 [31mERROR[0m devicemanage/work.go:153 read register 2 error: modbus: quantity '0' must be between '1' and '125',
2025-05-10T13:01:58.512+0800 [31mERROR[0m devicemanage/work.go:153 read register 1 error: modbus: quantity '0' must be between '1' and '125',
2025-05-10T13:01:58.512+0800 [31mERROR[0m devicemanage/work.go:153 read register 2 error: modbus: quantity '0' must be between '1' and '125',
2025-05-10T13:02:01.512+0800 [31mERROR[0m devicemanage/work.go:153 read register 1 error: modbus: quantity '0' must be between '1' and '125',
2025-05-10T13:02:01.512+0800 [31mERROR[0m devicemanage/work.go:153 read register 2 error: modbus: quantity '0' must be between '1' and '125',
2025-05-10T13:02:04.511+0800 [31mERROR[0m devicemanage/work.go:153 read register 1 error: modbus: quantity '0' must be between '1' and '125',
2025-05-10T13:02:04.512+0800 [31mERROR[0m devicemanage/work.go:153 read register 2 error: modbus: quantity '0' must be between '1' and '125',
2025-05-10T13:02:07.512+0800 [31mERROR[0m devicemanage/work.go:153 read register 1 error: modbus: quantity '0' must be between '1' and '125',
2025-05-10T13:02:07.512+0800 [31mERROR[0m devicemanage/work.go:153 read register 2 error: modbus: quantity '0' must be between '1' and '125',
2025-05-10T13:02:10.512+0800 [31mERROR[0m devicemanage/work.go:153 read register 1 error: modbus: quantity '0' must be between '1' and '125',
2025-05-10T13:02:10.512+0800 [31mERROR[0m devicemanage/work.go:153 read register 2 error: modbus: quantity '0' must be between '1' and '125',
2025-05-10T13:02:13.513+0800 [31mERROR[0m devicemanage/work.go:153 read register 1 error: modbus: quantity '0' must be between '1' and '125',
2025-05-10T13:02:13.513+0800 [31mERROR[0m devicemanage/work.go:153 read register 2 error: modbus: quantity '0' must be between '1' and '125',
2025-05-10T13:02:16.512+0800 [31mERROR[0m devicemanage/work.go:153 read register 1 error: modbus: quantity '0' must be between '1' and '125',
2025-05-10T13:02:16.513+0800 [31mERROR[0m devicemanage/work.go:153 read register 2 error: modbus: quantity '0' must be between '1' and '125',
2025-05-10T13:02:19.513+0800 [31mERROR[0m devicemanage/work.go:153 read register 1 error: modbus: quantity '0' must be between '1' and '125',
2025-05-10T13:02:19.513+0800 [31mERROR[0m devicemanage/work.go:153 read register 2 error: modbus: quantity '0' must be between '1' and '125',
2025-05-10T13:02:22.512+0800 [31mERROR[0m devicemanage/work.go:153 read register 1 error: modbus: quantity '0' must be between '1' and '125',
2025-05-10T13:02:22.512+0800 [31mERROR[0m devicemanage/work.go:153 read register 2 error: modbus: quantity '0' must be between '1' and '125',
2025-05-10T13:02:23.335+0800 [34mINFO[0m service/service.go:215 got stop signal, exit...
2025-05-10T13:02:23.336+0800 [34mINFO[0m server/server.go:320 Server shutting down
2025-05-10T13:02:23.336+0800 [34mINFO[0m server/server.go:323 Server shut down
2025-05-10T13:02:23.336+0800 [34mINFO[0m server/server.go:338 Server stopped
2025-05-10T13:02:39.973+0800 [34mINFO[0m service/service.go:109 mysql dsn: root:!@#12345678.@tcp(124.221.189.137:3306)/hummingbird?charset=utf8mb4&parseTime=True&loc=Local
2025-05-10T13:02:40.806+0800 [34mINFO[0m server/server.go:326 Server starting ( [::]:33121 )
2025-05-10T13:02:40.806+0800 [34mINFO[0m server/server.go:327 Server start success.
2025-05-10T13:02:43.834+0800 [31mERROR[0m devicemanage/work.go:158 read register 1 error: modbus: quantity '0' must be between '1' and '125',
2025-05-10T13:02:43.834+0800 [31mERROR[0m devicemanage/work.go:158 read register 2 error: modbus: quantity '0' must be between '1' and '125',
2025-05-10T13:02:46.807+0800 [31mERROR[0m devicemanage/work.go:158 read register 1 error: modbus: quantity '0' must be between '1' and '125',
2025-05-10T13:02:46.807+0800 [31mERROR[0m devicemanage/work.go:158 read register 2 error: modbus: quantity '0' must be between '1' and '125',
2025-05-10T13:02:49.806+0800 [31mERROR[0m devicemanage/work.go:158 read register 1 error: modbus: quantity '0' must be between '1' and '125',
2025-05-10T13:02:49.806+0800 [31mERROR[0m devicemanage/work.go:158 read register 2 error: modbus: quantity '0' must be between '1' and '125',
2025-05-10T13:02:52.807+0800 [31mERROR[0m devicemanage/work.go:158 read register 1 error: modbus: quantity '0' must be between '1' and '125',
2025-05-10T13:02:52.807+0800 [31mERROR[0m devicemanage/work.go:158 read register 2 error: modbus: quantity '0' must be between '1' and '125',
2025-05-10T13:02:55.807+0800 [31mERROR[0m devicemanage/work.go:158 read register 1 error: modbus: quantity '0' must be between '1' and '125',
2025-05-10T13:02:55.808+0800 [31mERROR[0m devicemanage/work.go:158 read register 2 error: modbus: quantity '0' must be between '1' and '125',
2025-05-10T13:02:58.807+0800 [31mERROR[0m devicemanage/work.go:158 read register 1 error: modbus: quantity '0' must be between '1' and '125',
2025-05-10T13:02:58.807+0800 [31mERROR[0m devicemanage/work.go:158 read register 2 error: modbus: quantity '0' must be between '1' and '125',
2025-05-10T13:03:01.807+0800 [31mERROR[0m devicemanage/work.go:158 read register 1 error: modbus: quantity '0' must be between '1' and '125',
2025-05-10T13:03:01.807+0800 [31mERROR[0m devicemanage/work.go:158 read register 2 error: modbus: quantity '0' must be between '1' and '125',
2025-05-10T13:03:04.807+0800 [31mERROR[0m devicemanage/work.go:158 read register 1 error: modbus: quantity '0' must be between '1' and '125',
2025-05-10T13:03:04.808+0800 [31mERROR[0m devicemanage/work.go:158 read register 2 error: modbus: quantity '0' must be between '1' and '125',
2025-05-10T13:03:07.807+0800 [31mERROR[0m devicemanage/work.go:158 read register 1 error: modbus: quantity '0' must be between '1' and '125',
2025-05-10T13:03:07.807+0800 [31mERROR[0m devicemanage/work.go:158 read register 2 error: modbus: quantity '0' must be between '1' and '125',
2025-05-10T13:03:10.807+0800 [31mERROR[0m devicemanage/work.go:158 read register 1 error: modbus: quantity '0' must be between '1' and '125',
2025-05-10T13:03:10.808+0800 [31mERROR[0m devicemanage/work.go:158 read register 2 error: modbus: quantity '0' must be between '1' and '125',
2025-05-10T13:03:13.807+0800 [31mERROR[0m devicemanage/work.go:158 read register 1 error: modbus: quantity '0' must be between '1' and '125',
2025-05-10T13:03:13.807+0800 [31mERROR[0m devicemanage/work.go:158 read register 2 error: modbus: quantity '0' must be between '1' and '125',
2025-05-10T13:03:16.806+0800 [31mERROR[0m devicemanage/work.go:158 read register 1 error: modbus: quantity '0' must be between '1' and '125',
2025-05-10T13:03:16.806+0800 [31mERROR[0m devicemanage/work.go:158 read register 2 error: modbus: quantity '0' must be between '1' and '125',
2025-05-10T13:03:19.807+0800 [31mERROR[0m devicemanage/work.go:158 read register 1 error: modbus: quantity '0' must be between '1' and '125',
2025-05-10T13:03:19.808+0800 [31mERROR[0m devicemanage/work.go:158 read register 2 error: modbus: quantity '0' must be between '1' and '125',
2025-05-10T13:03:22.808+0800 [31mERROR[0m devicemanage/work.go:158 read register 1 error: modbus: quantity '0' must be between '1' and '125',
2025-05-10T13:03:22.808+0800 [31mERROR[0m devicemanage/work.go:158 read register 2 error: modbus: quantity '0' must be between '1' and '125',
2025-05-10T13:03:25.807+0800 [31mERROR[0m devicemanage/work.go:158 read register 1 error: modbus: quantity '0' must be between '1' and '125',
2025-05-10T13:03:25.807+0800 [31mERROR[0m devicemanage/work.go:158 read register 2 error: modbus: quantity '0' must be between '1' and '125',
2025-05-10T13:03:26.128+0800 [34mINFO[0m service/service.go:215 got stop signal, exit...
2025-05-10T13:03:26.128+0800 [34mINFO[0m server/server.go:320 Server shutting down
2025-05-10T13:03:26.128+0800 [34mINFO[0m server/server.go:323 Server shut down
2025-05-10T13:03:26.128+0800 [34mINFO[0m server/server.go:338 Server stopped
2025-05-10T13:03:28.405+0800 [34mINFO[0m service/service.go:109 mysql dsn: root:!@#12345678.@tcp(124.221.189.137:3306)/hummingbird?charset=utf8mb4&parseTime=True&loc=Local
2025-05-10T13:03:29.161+0800 [34mINFO[0m server/server.go:326 Server starting ( [::]:33121 )
2025-05-10T13:03:29.161+0800 [34mINFO[0m server/server.go:327 Server start success.
2025-05-10T13:03:32.185+0800 [31mERROR[0m devicemanage/work.go:158 read register 1 error: modbus: quantity '0' must be between '1' and '125',
2025-05-10T13:03:32.185+0800 [31mERROR[0m devicemanage/work.go:158 read register 2 error: modbus: quantity '0' must be between '1' and '125',
2025-05-10T13:03:35.161+0800 [31mERROR[0m devicemanage/work.go:158 read register 1 error: modbus: quantity '0' must be between '1' and '125',
2025-05-10T13:03:35.161+0800 [31mERROR[0m devicemanage/work.go:158 read register 2 error: modbus: quantity '0' must be between '1' and '125',
2025-05-10T13:03:38.161+0800 [31mERROR[0m devicemanage/work.go:158 read register 1 error: modbus: quantity '0' must be between '1' and '125',
2025-05-10T13:03:38.161+0800 [31mERROR[0m devicemanage/work.go:158 read register 2 error: modbus: quantity '0' must be between '1' and '125',
2025-05-10T13:03:41.160+0800 [31mERROR[0m devicemanage/work.go:158 read register 1 error: modbus: quantity '0' must be between '1' and '125',
2025-05-10T13:03:41.160+0800 [31mERROR[0m devicemanage/work.go:158 read register 2 error: modbus: quantity '0' must be between '1' and '125',
2025-05-10T13:03:44.161+0800 [31mERROR[0m devicemanage/work.go:158 read register 1 error: modbus: quantity '0' must be between '1' and '125',
2025-05-10T13:03:44.161+0800 [31mERROR[0m devicemanage/work.go:158 read register 2 error: modbus: quantity '0' must be between '1' and '125',
2025-05-10T13:03:47.161+0800 [31mERROR[0m devicemanage/work.go:158 read register 1 error: modbus: quantity '0' must be between '1' and '125',
2025-05-10T13:03:47.161+0800 [31mERROR[0m devicemanage/work.go:158 read register 2 error: modbus: quantity '0' must be between '1' and '125',
2025-05-10T13:03:50.161+0800 [31mERROR[0m devicemanage/work.go:158 read register 1 error: modbus: quantity '0' must be between '1' and '125',
2025-05-10T13:03:50.161+0800 [31mERROR[0m devicemanage/work.go:158 read register 2 error: modbus: quantity '0' must be between '1' and '125',
2025-05-10T13:03:53.160+0800 [31mERROR[0m devicemanage/work.go:158 read register 1 error: modbus: quantity '0' must be between '1' and '125',
2025-05-10T13:03:53.160+0800 [31mERROR[0m devicemanage/work.go:158 read register 2 error: modbus: quantity '0' must be between '1' and '125',
2025-05-10T13:03:56.161+0800 [31mERROR[0m devicemanage/work.go:158 read register 1 error: modbus: quantity '0' must be between '1' and '125',
2025-05-10T13:03:56.161+0800 [31mERROR[0m devicemanage/work.go:158 read register 2 error: modbus: quantity '0' must be between '1' and '125',
2025-05-10T13:03:59.160+0800 [31mERROR[0m devicemanage/work.go:158 read register 1 error: modbus: quantity '0' must be between '1' and '125',
2025-05-10T13:03:59.160+0800 [31mERROR[0m devicemanage/work.go:158 read register 2 error: modbus: quantity '0' must be between '1' and '125',
2025-05-10T13:04:02.161+0800 [31mERROR[0m devicemanage/work.go:158 read register 1 error: modbus: quantity '0' must be between '1' and '125',
2025-05-10T13:04:02.161+0800 [31mERROR[0m devicemanage/work.go:158 read register 2 error: modbus: quantity '0' must be between '1' and '125',
2025-05-10T13:04:05.161+0800 [31mERROR[0m devicemanage/work.go:158 read register 1 error: modbus: quantity '0' must be between '1' and '125',
2025-05-10T13:04:05.161+0800 [31mERROR[0m devicemanage/work.go:158 read register 2 error: modbus: quantity '0' must be between '1' and '125',
2025-05-10T13:04:08.161+0800 [31mERROR[0m devicemanage/work.go:158 read register 1 error: modbus: quantity '0' must be between '1' and '125',
2025-05-10T13:04:08.161+0800 [31mERROR[0m devicemanage/work.go:158 read register 2 error: modbus: quantity '0' must be between '1' and '125',
2025-05-10T13:04:11.161+0800 [31mERROR[0m devicemanage/work.go:158 read register 1 error: modbus: quantity '0' must be between '1' and '125',
2025-05-10T13:04:11.161+0800 [31mERROR[0m devicemanage/work.go:158 read register 2 error: modbus: quantity '0' must be between '1' and '125',
2025-05-10T13:04:14.160+0800 [31mERROR[0m devicemanage/work.go:158 read register 1 error: modbus: quantity '0' must be between '1' and '125',
2025-05-10T13:04:14.161+0800 [31mERROR[0m devicemanage/work.go:158 read register 2 error: modbus: quantity '0' must be between '1' and '125',
2025-05-10T13:04:17.161+0800 [31mERROR[0m devicemanage/work.go:158 read register 1 error: modbus: quantity '0' must be between '1' and '125',
2025-05-10T13:04:17.161+0800 [31mERROR[0m devicemanage/work.go:158 read register 2 error: modbus: quantity '0' must be between '1' and '125',
2025-05-10T13:04:20.161+0800 [31mERROR[0m devicemanage/work.go:158 read register 1 error: modbus: quantity '0' must be between '1' and '125',
2025-05-10T13:04:20.161+0800 [31mERROR[0m devicemanage/work.go:158 read register 2 error: modbus: quantity '0' must be between '1' and '125',
2025-05-10T13:04:23.161+0800 [31mERROR[0m devicemanage/work.go:158 read register 1 error: modbus: quantity '0' must be between '1' and '125',
2025-05-10T13:04:23.161+0800 [31mERROR[0m devicemanage/work.go:158 read register 2 error: modbus: quantity '0' must be between '1' and '125',
2025-05-10T13:04:26.160+0800 [31mERROR[0m devicemanage/work.go:158 read register 1 error: modbus: quantity '0' must be between '1' and '125',
2025-05-10T13:04:26.161+0800 [31mERROR[0m devicemanage/work.go:158 read register 2 error: modbus: quantity '0' must be between '1' and '125',
2025-05-10T13:04:29.160+0800 [31mERROR[0m devicemanage/work.go:158 read register 1 error: modbus: quantity '0' must be between '1' and '125',
2025-05-10T13:04:29.160+0800 [31mERROR[0m devicemanage/work.go:158 read register 2 error: modbus: quantity '0' must be between '1' and '125',
2025-05-10T13:04:32.161+0800 [31mERROR[0m devicemanage/work.go:158 read register 1 error: modbus: quantity '0' must be between '1' and '125',
2025-05-10T13:04:32.161+0800 [31mERROR[0m devicemanage/work.go:158 read register 2 error: modbus: quantity '0' must be between '1' and '125',
2025-05-10T13:04:35.161+0800 [31mERROR[0m devicemanage/work.go:158 read register 1 error: modbus: quantity '0' must be between '1' and '125',
2025-05-10T13:04:35.161+0800 [31mERROR[0m devicemanage/work.go:158 read register 2 error: modbus: quantity '0' must be between '1' and '125',
2025-05-10T13:04:38.161+0800 [31mERROR[0m devicemanage/work.go:158 read register 1 error: modbus: quantity '0' must be between '1' and '125',
2025-05-10T13:04:38.161+0800 [31mERROR[0m devicemanage/work.go:158 read register 2 error: modbus: quantity '0' must be between '1' and '125',
2025-05-10T13:04:41.161+0800 [31mERROR[0m devicemanage/work.go:158 read register 1 error: modbus: quantity '0' must be between '1' and '125',
2025-05-10T13:04:41.161+0800 [31mERROR[0m devicemanage/work.go:158 read register 2 error: modbus: quantity '0' must be between '1' and '125',
2025-05-10T13:04:44.160+0800 [31mERROR[0m devicemanage/work.go:158 read register 1 error: modbus: quantity '0' must be between '1' and '125',
2025-05-10T13:04:44.161+0800 [31mERROR[0m devicemanage/work.go:158 read register 2 error: modbus: quantity '0' must be between '1' and '125',
2025-05-10T13:04:47.160+0800 [31mERROR[0m devicemanage/work.go:158 read register 1 error: modbus: quantity '0' must be between '1' and '125',
2025-05-10T13:04:47.160+0800 [31mERROR[0m devicemanage/work.go:158 read register 2 error: modbus: quantity '0' must be between '1' and '125',
2025-05-10T13:04:50.161+0800 [31mERROR[0m devicemanage/work.go:158 read register 1 error: modbus: quantity '0' must be between '1' and '125',
2025-05-10T13:04:50.161+0800 [31mERROR[0m devicemanage/work.go:158 read register 2 error: modbus: quantity '0' must be between '1' and '125',
2025-05-10T13:04:53.161+0800 [31mERROR[0m devicemanage/work.go:158 read register 1 error: modbus: quantity '0' must be between '1' and '125',
2025-05-10T13:04:53.161+0800 [31mERROR[0m devicemanage/work.go:158 read register 2 error: modbus: quantity '0' must be between '1' and '125',
2025-05-10T13:04:56.160+0800 [31mERROR[0m devicemanage/work.go:158 read register 1 error: modbus: quantity '0' must be between '1' and '125',
2025-05-10T13:04:56.161+0800 [31mERROR[0m devicemanage/work.go:158 read register 2 error: modbus: quantity '0' must be between '1' and '125',
2025-05-10T13:04:59.160+0800 [31mERROR[0m devicemanage/work.go:158 read register 1 error: modbus: quantity '0' must be between '1' and '125',
2025-05-10T13:04:59.161+0800 [31mERROR[0m devicemanage/work.go:158 read register 2 error: modbus: quantity '0' must be between '1' and '125',
2025-05-10T13:05:02.161+0800 [31mERROR[0m devicemanage/work.go:158 read register 1 error: modbus: quantity '0' must be between '1' and '125',
2025-05-10T13:05:02.161+0800 [31mERROR[0m devicemanage/work.go:158 read register 2 error: modbus: quantity '0' must be between '1' and '125',
2025-05-10T13:05:05.161+0800 [31mERROR[0m devicemanage/work.go:158 read register 1 error: modbus: quantity '0' must be between '1' and '125',
2025-05-10T13:05:05.162+0800 [31mERROR[0m devicemanage/work.go:158 read register 2 error: modbus: quantity '0' must be between '1' and '125',
2025-05-10T13:05:08.160+0800 [31mERROR[0m devicemanage/work.go:158 read register 1 error: modbus: quantity '0' must be between '1' and '125',
2025-05-10T13:05:08.161+0800 [31mERROR[0m devicemanage/work.go:158 read register 2 error: modbus: quantity '0' must be between '1' and '125',
2025-05-10T13:05:11.161+0800 [31mERROR[0m devicemanage/work.go:158 read register 1 error: modbus: quantity '0' must be between '1' and '125',
2025-05-10T13:05:11.162+0800 [31mERROR[0m devicemanage/work.go:158 read register 2 error: modbus: quantity '0' must be between '1' and '125',
2025-05-10T13:05:14.161+0800 [31mERROR[0m devicemanage/work.go:158 read register 1 error: modbus: quantity '0' must be between '1' and '125',
2025-05-10T13:05:14.161+0800 [31mERROR[0m devicemanage/work.go:158 read register 2 error: modbus: quantity '0' must be between '1' and '125',
2025-05-10T13:05:17.161+0800 [31mERROR[0m devicemanage/work.go:158 read register 1 error: modbus: quantity '0' must be between '1' and '125',
2025-05-10T13:05:17.161+0800 [31mERROR[0m devicemanage/work.go:158 read register 2 error: modbus: quantity '0' must be between '1' and '125',
2025-05-10T13:05:20.162+0800 [31mERROR[0m devicemanage/work.go:158 read register 1 error: modbus: quantity '0' must be between '1' and '125',
2025-05-10T13:05:20.162+0800 [31mERROR[0m devicemanage/work.go:158 read register 2 error: modbus: quantity '0' must be between '1' and '125',
2025-05-10T13:05:23.161+0800 [31mERROR[0m devicemanage/work.go:158 read register 1 error: modbus: quantity '0' must be between '1' and '125',
2025-05-10T13:05:23.161+0800 [31mERROR[0m devicemanage/work.go:158 read register 2 error: modbus: quantity '0' must be between '1' and '125',
2025-05-10T13:05:26.161+0800 [31mERROR[0m devicemanage/work.go:158 read register 1 error: modbus: quantity '0' must be between '1' and '125',
2025-05-10T13:05:26.161+0800 [31mERROR[0m devicemanage/work.go:158 read register 2 error: modbus: quantity '0' must be between '1' and '125',
2025-05-10T13:05:29.162+0800 [31mERROR[0m devicemanage/work.go:158 read register 1 error: modbus: quantity '0' must be between '1' and '125',
2025-05-10T13:05:29.163+0800 [31mERROR[0m devicemanage/work.go:158 read register 2 error: modbus: quantity '0' must be between '1' and '125',
2025-05-10T13:05:32.160+0800 [31mERROR[0m devicemanage/work.go:158 read register 1 error: modbus: quantity '0' must be between '1' and '125',
2025-05-10T13:05:32.160+0800 [31mERROR[0m devicemanage/work.go:158 read register 2 error: modbus: quantity '0' must be between '1' and '125',
2025-05-10T13:05:35.162+0800 [31mERROR[0m devicemanage/work.go:158 read register 1 error: modbus: quantity '0' must be between '1' and '125',
2025-05-10T13:05:35.162+0800 [31mERROR[0m devicemanage/work.go:158 read register 2 error: modbus: quantity '0' must be between '1' and '125',
2025-05-10T13:05:38.160+0800 [31mERROR[0m devicemanage/work.go:158 read register 1 error: modbus: quantity '0' must be between '1' and '125',
2025-05-10T13:05:38.161+0800 [31mERROR[0m devicemanage/work.go:158 read register 2 error: modbus: quantity '0' must be between '1' and '125',
2025-05-10T13:05:41.160+0800 [31mERROR[0m devicemanage/work.go:158 read register 1 error: modbus: quantity '0' must be between '1' and '125',
2025-05-10T13:05:41.161+0800 [31mERROR[0m devicemanage/work.go:158 read register 2 error: modbus: quantity '0' must be between '1' and '125',
2025-05-10T13:05:44.160+0800 [31mERROR[0m devicemanage/work.go:158 read register 1 error: modbus: quantity '0' must be between '1' and '125',
2025-05-10T13:05:44.160+0800 [31mERROR[0m devicemanage/work.go:158 read register 2 error: modbus: quantity '0' must be between '1' and '125',
2025-05-10T13:05:47.161+0800 [31mERROR[0m devicemanage/work.go:158 read register 1 error: modbus: quantity '0' must be between '1' and '125',
2025-05-10T13:05:47.161+0800 [31mERROR[0m devicemanage/work.go:158 read register 2 error: modbus: quantity '0' must be between '1' and '125',
2025-05-10T13:05:48.702+0800 [34mINFO[0m service/service.go:215 got stop signal, exit...
2025-05-10T13:05:48.703+0800 [34mINFO[0m server/server.go:320 Server shutting down
2025-05-10T13:05:48.704+0800 [34mINFO[0m server/server.go:323 Server shut down
2025-05-10T13:05:48.704+0800 [34mINFO[0m server/server.go:338 Server stopped
2025-05-10T13:05:50.467+0800 [34mINFO[0m service/service.go:109 mysql dsn: root:!@#12345678.@tcp(124.221.189.137:3306)/hummingbird?charset=utf8mb4&parseTime=True&loc=Local
2025-05-10T13:05:51.258+0800 [34mINFO[0m server/server.go:326 Server starting ( [::]:33121 )
2025-05-10T13:05:51.258+0800 [34mINFO[0m server/server.go:327 Server start success.
2025-05-10T13:18:09.566+0800 [34mINFO[0m service/service.go:215 got stop signal, exit...
2025-05-10T13:18:09.567+0800 [34mINFO[0m server/server.go:320 Server shutting down
2025-05-10T13:18:09.567+0800 [34mINFO[0m server/server.go:323 Server shut down
2025-05-10T13:18:09.567+0800 [34mINFO[0m server/server.go:338 Server stopped
2025-06-03T19:59:41.047+0800 [31mERROR[0m service/service.go:295 new resource client error: context deadline exceeded rpcServer
